// Jest Snapshot v1, https://goo.gl/fbAQLP

exports[`the Header component should match the snapshot 1`] = `
<div
  className="cds--g100 cds--layer-one"
>
  <header
    aria-label="BC Gov's NR Sample App"
    className="cds--header"
    data-testid="header"
  >
    <a
      className="header-link"
      data-testid="header-name"
      href="/dashboard"
      onClick={[Function]}
    >
      SPAR
      <span
        className="header-full-name"
      >
         Seed Planning and Registry System
      </span>
    </a>
    <div
      className="cds--header__global"
    >
      <button
        aria-describedby={null}
        aria-pressed={null}
        className="cds--btn cds--btn--sm cds--btn--primary"
        disabled={false}
        onClick={[Function]}
        tabIndex={0}
        type="button"
      >
        Logout
      </button>
      <span
        className="cds--popover-container cds--popover--caret cds--popover--high-contrast cds--popover--bottom cds--tooltip cds--icon-tooltip"
        onKeyDown={[Function]}
        onMouseLeave={[Function]}
      >
        <button
          aria-describedby={null}
          aria-label="Search"
          aria-labelledby="tooltip-13"
          aria-pressed={null}
          className="cds--btn--icon-only cds--header__action cds--btn cds--btn--primary cds--btn--icon-only cds--btn cds--btn--primary"
          data-testid="header-button__search"
          disabled={false}
          onBlur={[Function]}
          onClick={[Function]}
          onFocus={[Function]}
          onMouseEnter={[Function]}
          tabIndex={0}
          type="button"
        >
          <svg
            aria-hidden={true}
            fill="currentColor"
            focusable="false"
            height={20}
            preserveAspectRatio="xMidYMid meet"
            viewBox="0 0 32 32"
            width={20}
            xmlns="http://www.w3.org/2000/svg"
          >
            <path
              d="M29,27.5859l-7.5521-7.5521a11.0177,11.0177,0,1,0-1.4141,1.4141L27.5859,29ZM4,13a9,9,0,1,1,9,9A9.01,9.01,0,0,1,4,13Z"
            />
          </svg>
        </button>
        <span
          aria-hidden="true"
          className="cds--popover"
          id="tooltip-13"
          role="tooltip"
        >
          <span
            className="cds--popover-content cds--tooltip-content"
          >
            Search
          </span>
          <span
            className="cds--popover-caret"
          />
        </span>
      </span>
      <span
        className="cds--popover-container cds--popover--caret cds--popover--high-contrast cds--popover--bottom cds--tooltip cds--icon-tooltip"
        onKeyDown={[Function]}
        onMouseLeave={[Function]}
      >
        <button
          aria-describedby={null}
          aria-label="Notifications"
          aria-labelledby="tooltip-16"
          aria-pressed={null}
          className="cds--btn--icon-only cds--header__action cds--btn cds--btn--primary cds--btn--icon-only cds--btn cds--btn--primary"
          data-testid="header-button__notifications"
          disabled={false}
          onBlur={[Function]}
          onClick={[Function]}
          onFocus={[Function]}
          onMouseEnter={[Function]}
          tabIndex={0}
          type="button"
        >
          <svg
            aria-hidden={true}
            fill="currentColor"
            focusable="false"
            height={20}
            preserveAspectRatio="xMidYMid meet"
            viewBox="0 0 32 32"
            width={20}
            xmlns="http://www.w3.org/2000/svg"
          >
            <path
              d="M28.7071,19.293,26,16.5859V13a10.0136,10.0136,0,0,0-9-9.9492V1H15V3.0508A10.0136,10.0136,0,0,0,6,13v3.5859L3.2929,19.293A1,1,0,0,0,3,20v3a1,1,0,0,0,1,1h7v.7768a5.152,5.152,0,0,0,4.5,5.1987A5.0057,5.0057,0,0,0,21,25V24h7a1,1,0,0,0,1-1V20A1,1,0,0,0,28.7071,19.293ZM19,25a3,3,0,0,1-6,0V24h6Zm8-3H5V20.4141L7.707,17.707A1,1,0,0,0,8,17V13a8,8,0,0,1,16,0v4a1,1,0,0,0,.293.707L27,20.4141Z"
            />
          </svg>
        </button>
        <span
          aria-hidden="true"
          className="cds--popover"
          id="tooltip-16"
          role="tooltip"
        >
          <span
            className="cds--popover-content cds--tooltip-content"
          >
            Notifications
          </span>
          <span
            className="cds--popover-caret"
          />
        </span>
      </span>
      <span
        className="cds--popover-container cds--popover--caret cds--popover--high-contrast cds--popover--bottom-right cds--tooltip cds--icon-tooltip"
        onKeyDown={[Function]}
        onMouseLeave={[Function]}
      >
        <button
          aria-describedby={null}
          aria-label="User Settings"
          aria-labelledby="tooltip-19"
          aria-pressed={null}
          className="cds--btn--icon-only cds--header__action cds--btn cds--btn--primary cds--btn--icon-only cds--btn cds--btn--primary"
          data-testid="header-button__user"
          disabled={false}
          onBlur={[Function]}
          onClick={[Function]}
          onFocus={[Function]}
          onMouseEnter={[Function]}
          tabIndex={0}
          type="button"
        >
          <svg
            aria-hidden={true}
            fill="currentColor"
            focusable="false"
            height={20}
            preserveAspectRatio="xMidYMid meet"
            viewBox="0 0 32 32"
            width={20}
            xmlns="http://www.w3.org/2000/svg"
          >
            <path
              d="M16,8a5,5,0,1,0,5,5A5,5,0,0,0,16,8Zm0,8a3,3,0,1,1,3-3A3.0034,3.0034,0,0,1,16,16Z"
            />
            <path
              d="M16,2A14,14,0,1,0,30,16,14.0158,14.0158,0,0,0,16,2ZM10,26.3765V25a3.0033,3.0033,0,0,1,3-3h6a3.0033,3.0033,0,0,1,3,3v1.3765a11.8989,11.8989,0,0,1-12,0Zm13.9925-1.4507A5.0016,5.0016,0,0,0,19,20H13a5.0016,5.0016,0,0,0-4.9925,4.9258,12,12,0,1,1,15.985,0Z"
            />
          </svg>
        </button>
        <span
          aria-hidden="true"
          className="cds--popover"
          id="tooltip-19"
          role="tooltip"
        >
          <span
            className="cds--popover-content cds--tooltip-content"
          >
            User Settings
          </span>
          <span
            className="cds--popover-caret"
          />
        </span>
      </span>
    </div>
  </header>
</div>
`;
